CPU mode: Z80
Loaded 5384 bytes from test_all.com
Cowgol Compiler Test Suite
==========================

add16 300
sub16 377
mul16 300
div16 142
mod16 6
add8 25
sub8 5
mul8 150
div8 14
mod8 2
neg16 65436
expr1 22
prec1 14
prec2 20
and1 240
or1 255
xor1 85
not1 255
not2 85
bit1 255
shl1 16
shl2 40
shr1 16
shr2 20
shl0 42
shr0 42
eq1 1
neq1 1
lt1 1
lt2 0
gt1 1
lte1 1
gte1 1
while1 15
while2 100
loop1 15
loop2 25
case0 100
case1 101
case2 102
case3 99
arr1 0
arr2 10
arr3 18
aarr1 1000
aarr2 2000
aarr3 3000
arrsum 20
size1 10
size2 10
proc1 1
proc2 42
proc3 1234
proc4 15
proc5 200
fact5 120
fact6 720
rec1 10
rec2 20
rec3 100
rec4 200
rec5 30
rec6 40
ptr1 100
ptr2 200
ptr3 20
init1 10
init2 30
init3 50
init4 150
cast1 200
cast2 52
cast3 171
const1 1000
const2 500
const3 900
edge1 255
edge2 65535
edge3 0
edge4 0
edge5 255
edge6 0
edge7 5
tdef1 42
tdef2 1000
tdef3 30
bof1 1
bof2 2
bof3 10
bof4 4
next1 100
next2 200
next3 300
prev1 200
prev2 100
sign1 65526
sign2 64536
sign3 65516
sign4 65531
sign5 100
intf1 30
intf2 42

Tests complete.
Program exit via JMP 0
